// Jest Snapshot v1, https://goo.gl/fbAQLP

exports[`formik 1`] = `undefined`;
