// Jest Snapshot v1, https://goo.gl/fbAQLP

exports[`containers/task/StatisticsSection renders statistics correctly 1`] = `
<StatisticsSection>
  <Col
    md={
      Object {
        "offset": 2,
        "size": 8,
      }
    }
    sm="12"
    tag="div"
    widths={
      Array [
        "xs",
        "sm",
        "md",
        "lg",
        "xl",
      ]
    }
  >
    <div
      className="col-sm-12 col-md-8 offset-md-2"
    >
      <Row
        tag="div"
      >
        <div
          className="row"
        >
          <Col
            className="kaznet-sub"
            sm="3"
            tag="div"
            widths={
              Array [
                "xs",
                "sm",
                "md",
                "lg",
                "xl",
              ]
            }
          >
            <div
              className="kaznet-sub col-sm-3"
            >
              <p
                className="kaznet-stats-count"
              >
                 Submissions
              </p>
            </div>
          </Col>
          <Col
            className="kaznet-sub"
            sm="9"
            tag="div"
            widths={
              Array [
                "xs",
                "sm",
                "md",
                "lg",
                "xl",
              ]
            }
          >
            <div
              className="kaznet-sub col-sm-9"
            >
              <Button
                color="primary"
                tag="button"
              >
                <button
                  className="btn btn-primary"
                  onClick={[Function]}
                >
                  <FontAwesomeIcon
                    border={false}
                    className=""
                    fixedWidth={false}
                    flip={null}
                    icon="clone"
                    listItem={false}
                    mask={null}
                    name=""
                    pull={null}
                    pulse={false}
                    rotation={null}
                    size={null}
                    spin={false}
                    symbol={false}
                    transform={null}
                  >
                    <svg
                      aria-hidden="true"
                      className="svg-inline--fa fa-clone fa-w-16 "
                      data-icon="clone"
                      data-prefix="fas"
                      role="img"
                      style={Object {}}
                      viewBox="0 0 512 512"
                      xmlns="http://www.w3.org/2000/svg"
                    >
                      <path
                        d="M464 0c26.51 0 48 21.49 48 48v288c0 26.51-21.49 48-48 48H176c-26.51 0-48-21.49-48-48V48c0-26.51 21.49-48 48-48h288M176 416c-44.112 0-80-35.888-80-80V128H48c-26.51 0-48 21.49-48 48v288c0 26.51 21.49 48 48 48h288c26.51 0 48-21.49 48-48v-48H176z"
                        fill="currentColor"
                        style={Object {}}
                      />
                    </svg>
                  </FontAwesomeIcon>
                   Review all submissions
                </button>
              </Button>
            </div>
          </Col>
        </div>
      </Row>
      <Row
        tag="div"
      >
        <div
          className="row"
        >
          <Col
            sm="6"
            tag="div"
            widths={
              Array [
                "xs",
                "sm",
                "md",
                "lg",
                "xl",
              ]
            }
          >
            <div
              className="col-sm-6"
            >
              <Row
                tag="div"
              >
                <div
                  className="row"
                >
                  <Col
                    className="kaznet-no-gutter"
                    sm="6"
                    tag="div"
                    widths={
                      Array [
                        "xs",
                        "sm",
                        "md",
                        "lg",
                        "xl",
                      ]
                    }
                  >
                    <div
                      className="kaznet-no-gutter col-sm-6"
                    >
                      <div
                        className="kaznet-stats"
                      >
                        <p
                          className="stats-data"
                        />
                        <p
                          className="stats-header"
                        >
                          Accepted
                        </p>
                      </div>
                    </div>
                  </Col>
                  <Col
                    className="kaznet-no-gutter left-fix"
                    sm="6"
                    tag="div"
                    widths={
                      Array [
                        "xs",
                        "sm",
                        "md",
                        "lg",
                        "xl",
                      ]
                    }
                  >
                    <div
                      className="kaznet-no-gutter left-fix col-sm-6"
                    >
                      <div
                        className="kaznet-stats"
                      >
                        <p
                          className="stats-data"
                        />
                        <p
                          className="stats-header"
                        >
                          Total Reward
                        </p>
                      </div>
                    </div>
                  </Col>
                </div>
              </Row>
            </div>
          </Col>
          <Col
            className="overflow-fix"
            sm="6"
            tag="div"
            widths={
              Array [
                "xs",
                "sm",
                "md",
                "lg",
                "xl",
              ]
            }
          >
            <div
              className="overflow-fix col-sm-6"
            >
              <Row
                tag="div"
              >
                <div
                  className="row"
                >
                  <Col
                    className="kaznet-stats-col"
                    sm="6"
                    tag="div"
                    widths={
                      Array [
                        "xs",
                        "sm",
                        "md",
                        "lg",
                        "xl",
                      ]
                    }
                  >
                    <div
                      className="kaznet-stats-col col-sm-6"
                    >
                      <div
                        className="kaznet-stats"
                      >
                        <h1
                          className="stats-data"
                        />
                        <p
                          className="stats-header"
                        >
                          Needs Review
                        </p>
                      </div>
                    </div>
                  </Col>
                  <Col
                    className="kaznet-stats-col"
                    sm="6"
                    tag="div"
                    widths={
                      Array [
                        "xs",
                        "sm",
                        "md",
                        "lg",
                        "xl",
                      ]
                    }
                  >
                    <div
                      className="kaznet-stats-col col-sm-6"
                    >
                      <div
                        className="kaznet-stats overflow-fix"
                      >
                        <h1
                          className="stats-data"
                        />
                        <p
                          className="stats-header"
                        >
                          Rejected
                        </p>
                      </div>
                    </div>
                  </Col>
                </div>
              </Row>
            </div>
          </Col>
        </div>
      </Row>
      <hr />
    </div>
  </Col>
</StatisticsSection>
`;
