// Jest Snapshot v1, https://goo.gl/fbAQLP

exports[`components/ExportForm renders an ExportForm 1`] = `
<ExportForm
  downloadModalHandler={[Function]}
  onFormSubmit={[Function]}
>
  <Formik
    enableReinitialize={false}
    initialValues={
      Object {
        "end": "1986-01-02",
        "start": "1986-01-02",
        "status": "a",
      }
    }
    isInitialValid={false}
    onSubmit={[Function]}
    render={[Function]}
    validateOnBlur={true}
    validateOnChange={true}
  >
    <div>
      <Form
        className="export-form"
        onSubmit={[Function]}
        tag="form"
      >
        <form
          className="export-form"
          onSubmit={[Function]}
        >
          <FormGroup
            row={true}
            tag="div"
          >
            <div
              className="position-relative row form-group"
            >
              <Col
                md={
                  Object {
                    "size": 1,
                  }
                }
                tag="div"
                widths={
                  Array [
                    "xs",
                    "sm",
                    "md",
                    "lg",
                    "xl",
                  ]
                }
              >
                <div
                  className="col-md-1"
                >
                  <p
                    className="text-center align-middle"
                  >
                    Status:
                  </p>
                </div>
              </Col>
              <Col
                md={
                  Object {
                    "size": 10,
                  }
                }
                tag="div"
                widths={
                  Array [
                    "xs",
                    "sm",
                    "md",
                    "lg",
                    "xl",
                  ]
                }
              >
                <div
                  className="col-md-10"
                >
                  <Field
                    className="form-control ml-4"
                    component="select"
                    name="status"
                  >
                    <select
                      className="form-control ml-4"
                      name="status"
                      onBlur={[Function]}
                      onChange={[Function]}
                      value="a"
                    >
                      <option
                        value="a"
                      >
                        Approved
                      </option>
                      <option
                        value="b"
                      >
                        Rejected
                      </option>
                      <option
                        value="d"
                      >
                        Pending
                      </option>
                    </select>
                  </Field>
                </div>
              </Col>
            </div>
          </FormGroup>
          <FormGroup
            row={true}
            tag="div"
          >
            <div
              className="position-relative row form-group"
            >
              <p
                className="text-center align-middle ml-4"
              >
                From:
              </p>
              <Col
                md={
                  Object {
                    "size": 5,
                  }
                }
                tag="div"
                widths={
                  Array [
                    "xs",
                    "sm",
                    "md",
                    "lg",
                    "xl",
                  ]
                }
              >
                <div
                  className="col-md-5"
                >
                  <Input
                    aria-label="start"
                    bsSize="md"
                    className="time-picker"
                    name="start"
                    onBlur={[Function]}
                    onChange={[Function]}
                    placeholder="Start Date"
                    type="date"
                    value="1986-01-02"
                  >
                    <input
                      aria-label="start"
                      className="time-picker form-control-md form-control"
                      name="start"
                      onBlur={[Function]}
                      onChange={[Function]}
                      placeholder="Start Date"
                      type="date"
                      value="1986-01-02"
                    />
                  </Input>
                </div>
              </Col>
              <p
                className="text-center align-middle"
              >
                to
              </p>
              <Col
                md="5"
                tag="div"
                widths={
                  Array [
                    "xs",
                    "sm",
                    "md",
                    "lg",
                    "xl",
                  ]
                }
              >
                <div
                  className="col-md-5"
                >
                  <Input
                    aria-label="end"
                    bsSize="md"
                    className="time-picker"
                    name="end"
                    onBlur={[Function]}
                    onChange={[Function]}
                    placeholder="End Date"
                    type="date"
                    value="1986-01-02"
                  >
                    <input
                      aria-label="end"
                      className="time-picker form-control-md form-control"
                      name="end"
                      onBlur={[Function]}
                      onChange={[Function]}
                      placeholder="End Date"
                      type="date"
                      value="1986-01-02"
                    />
                  </Input>
                </div>
              </Col>
            </div>
          </FormGroup>
          <FormGroup
            row={true}
            tag="div"
          >
            <div
              className="position-relative row form-group"
            >
              <Col
                md={
                  Object {
                    "offset": 1,
                    "size": 5,
                  }
                }
                tag="div"
                widths={
                  Array [
                    "xs",
                    "sm",
                    "md",
                    "lg",
                    "xl",
                  ]
                }
              >
                <div
                  className="col-md-5 offset-md-1"
                >
                  <Button
                    aria-label="Cancel"
                    className="btn btn-secondary btn-block"
                    color="secondary"
                    onClick={[Function]}
                    tag="button"
                  >
                    <button
                      aria-label="Cancel"
                      className="btn btn-secondary btn-block btn btn-secondary"
                      onClick={[Function]}
                      type="button"
                    >
                      Cancel
                    </button>
                  </Button>
                </div>
              </Col>
              <Col
                md={
                  Object {
                    "size": 5,
                  }
                }
                tag="div"
                widths={
                  Array [
                    "xs",
                    "sm",
                    "md",
                    "lg",
                    "xl",
                  ]
                }
              >
                <div
                  className="col-md-5"
                >
                  <Button
                    aria-label="Export"
                    className="btn btn-primary btn-block"
                    color="secondary"
                    onClick={[Function]}
                    tag="button"
                    type="submit"
                  >
                    <button
                      aria-label="Export"
                      className="btn btn-primary btn-block btn btn-secondary"
                      onClick={[Function]}
                      type="submit"
                    >
                      Export
                    </button>
                  </Button>
                </div>
              </Col>
            </div>
          </FormGroup>
        </form>
      </Form>
    </div>
  </Formik>
</ExportForm>
`;
