// Jest Snapshot v1, https://goo.gl/fbAQLP

exports[`components/NoResults renders the no results message 1`] = `
<NoResults
  searchVal="peter pan"
>
  <div
    className="container"
  >
    <br />
    <div
      className="jumbotron bg-white"
    >
      <p
        align="center"
      >
        Sorry, we could not find any results matching 
        <br />
         "
        status you selected
        ".
      </p>
      <p
        align="center"
      >
        Please try again?
      </p>
      <center>
        <button
          className="btn btn-primary btn-lg"
          onClick={[Function]}
        >
          Go Back
        </button>
      </center>
    </div>
  </div>
</NoResults>
`;
