// Jest Snapshot v1, https://goo.gl/fbAQLP

exports[`containers/location/LocationForm renders location form correctly 1`] = `
<ErrorBoundary>
  <h1>
    Something went wrong.
  </h1>
</ErrorBoundary>
`;
