// Jest Snapshot v1, https://goo.gl/fbAQLP

exports[`containers/locationTypes/LocationTypesList renders location list correctly 1`] = `
<Router
  history={
    Object {
      "action": "POP",
      "block": [Function],
      "createHref": [Function],
      "go": [Function],
      "goBack": [Function],
      "goForward": [Function],
      "length": 1,
      "listen": [Function],
      "location": Object {
        "hash": "",
        "pathname": "/",
        "search": "",
        "state": undefined,
      },
      "push": [Function],
      "replace": [Function],
    }
  }
>
  <div
    className="LocationTypeList"
  >
    <ListView
      renderHeaders={[Function]}
      renderRow={[Function]}
    >
      <div>
        <Table
          bordered={true}
          className="kaznet-table"
          responsiveTag="div"
          tag="table"
        >
          <table
            className="kaznet-table table table-bordered"
          >
            <thead>
              <tr>
                <ElementMap
                  HTMLTag="th"
                  items={
                    Array [
                      "Name",
                    ]
                  }
                >
                  <th
                    key="0"
                  >
                    Name
                  </th>
                </ElementMap>
              </tr>
            </thead>
            <tbody />
          </table>
        </Table>
      </div>
    </ListView>
  </div>
</LocationTypesList>
`;
