// Jest Snapshot v1, https://goo.gl/fbAQLP

exports[`components/forms/MisconfiguredFormMessage renders the MisconfiguredFormMessage component 1`] = `
<MisconfiguredFormMessage>
  <div>
    <p>
      This form may not appear correctly in the 
      Kaznet
       mobile app. Additionally, it
      <strong>
         may not be possible to submit data 
      </strong>
      to this form. Please 
      <a
        href="https://ona.io"
        rel="noopener noreferrer"
        target="_blank"
      >
        click this link to fix this form
      </a>
      . You can fix it be ensuring that:
    </p>
    <ol>
      <li>
        The form belongs to the right organisation
      </li>
      <li>
        The form exists in a project which allows its members to make form submissions
      </li>
    </ol>
  </div>
</MisconfiguredFormMessage>
`;
